mode: set
go.cipher.host/x/xcrypto/xcrypto.go:14.27,15.14 1 1
go.cipher.host/x/xcrypto/xcrypto.go:15.14,17.3 1 1
go.cipher.host/x/xcrypto/xcrypto.go:19.2,21.19 2 1
go.cipher.host/x/xcrypto/xcrypto.go:21.19,23.3 1 1
go.cipher.host/x/xcrypto/xrand/bytes.go:23.29,25.2 1 1
go.cipher.host/x/xcrypto/xrand/bytes.go:28.57,29.14 1 1
go.cipher.host/x/xcrypto/xrand/bytes.go:29.14,31.3 1 1
go.cipher.host/x/xcrypto/xrand/bytes.go:33.2,39.16 3 1
go.cipher.host/x/xcrypto/xrand/bytes.go:39.16,42.4 1 1
go.cipher.host/x/xcrypto/xrand/bytes.go:45.2,45.23 1 1
go.cipher.host/x/xcrypto/xrand/uuid.go:32.36,33.64 1 1
go.cipher.host/x/xcrypto/xrand/uuid.go:33.64,34.13 1 1
go.cipher.host/x/xcrypto/xrand/uuid.go:37.2,42.20 4 1
go.cipher.host/x/xcrypto/xrand/uuid.go:42.20,43.44 1 1
go.cipher.host/x/xcrypto/xrand/uuid.go:43.44,45.4 1 1
go.cipher.host/x/xcrypto/xrand/uuid.go:47.3,47.74 1 1
go.cipher.host/x/xcrypto/xrand/uuid.go:50.2,50.35 1 1
go.cipher.host/x/xcrypto/xtls/config.go:17.33,29.2 1 1
go.cipher.host/x/xcrypto/xtls/config.go:36.39,49.2 1 1
go.cipher.host/x/xcrypto/xtls/config.go:55.37,64.2 1 1
go.cipher.host/x/xnet/dialer.go:23.30,28.2 1 1
go.cipher.host/x/xerrors/error.go:13.31,15.2 1 1
go.cipher.host/x/xnet/xhttp/client.go:28.58,29.18 1 1
go.cipher.host/x/xnet/xhttp/client.go:29.18,31.3 1 1
go.cipher.host/x/xnet/xhttp/client.go:33.2,35.65 1 1
go.cipher.host/x/xnet/xhttp/client.go:35.65,37.4 1 1
go.cipher.host/x/xnet/xhttp/client.go:47.64,52.2 3 1
go.cipher.host/x/xnet/xhttp/errors.go:63.38,66.19 2 1
go.cipher.host/x/xnet/xhttp/errors.go:66.19,68.3 1 1
go.cipher.host/x/xnet/xhttp/errors.go:68.8,70.3 1 1
go.cipher.host/x/xnet/xhttp/errors.go:72.2,72.20 1 1
go.cipher.host/x/xnet/xhttp/errors.go:72.20,74.3 1 1
go.cipher.host/x/xnet/xhttp/errors.go:76.2,85.17 6 1
go.cipher.host/x/xnet/xhttp/errors.go:85.17,88.18 2 1
go.cipher.host/x/xnet/xhttp/errors.go:88.18,90.4 1 1
go.cipher.host/x/xnet/xhttp/errors.go:93.2,95.20 2 1
go.cipher.host/x/xnet/xhttp/errors.go:95.20,98.3 2 1
go.cipher.host/x/xnet/xhttp/errors.go:100.2,100.25 1 1
go.cipher.host/x/xnet/xhttp/errors.go:105.53,118.23 2 1
go.cipher.host/x/xnet/xhttp/errors.go:118.23,121.24 2 1
go.cipher.host/x/xnet/xhttp/errors.go:121.24,123.4 1 1
go.cipher.host/x/xnet/xhttp/errors.go:126.2,128.18 2 1
go.cipher.host/x/xnet/xhttp/errors.go:134.62,139.53 3 1
go.cipher.host/x/xnet/xhttp/errors.go:139.53,141.3 1 1
go.cipher.host/x/xnet/xhttp/errors.go:143.2,143.12 1 1
go.cipher.host/x/xnet/xhttp/response.go:30.51,31.17 1 1
go.cipher.host/x/xnet/xhttp/response.go:31.17,33.3 1 1
go.cipher.host/x/xnet/xhttp/response.go:35.2,36.16 2 1
go.cipher.host/x/xnet/xhttp/response.go:36.16,38.3 1 1
go.cipher.host/x/xnet/xhttp/response.go:40.2,40.41 1 1
go.cipher.host/x/xnet/xhttp/response.go:40.41,42.3 1 1
go.cipher.host/x/xnet/xhttp/response.go:44.2,44.12 1 1
go.cipher.host/x/xnet/xhttp/transport.go:43.58,44.22 1 1
go.cipher.host/x/xnet/xhttp/transport.go:44.22,46.3 1 1
go.cipher.host/x/xnet/xhttp/transport.go:48.2,59.3 1 1
go.cipher.host/x/xnet/xhttp/xmiddleware/header.go:20.48,21.71 1 1
go.cipher.host/x/xnet/xhttp/xmiddleware/header.go:21.71,22.26 1 1
go.cipher.host/x/xnet/xhttp/xmiddleware/header.go:22.26,31.4 3 1
go.cipher.host/x/xnet/xhttp/xmiddleware/header.go:33.3,33.23 1 1
go.cipher.host/x/xnet/xhttp/xmiddleware/header.go:38.64,39.71 1 1
go.cipher.host/x/xnet/xhttp/xmiddleware/header.go:39.71,43.3 2 1
go.cipher.host/x/xnet/xhttp/xmiddleware/header.go:47.65,48.71 1 1
go.cipher.host/x/xnet/xhttp/xmiddleware/header.go:48.71,52.3 2 1
go.cipher.host/x/xnet/xhttp/xmiddleware/header.go:56.48,57.71 1 1
go.cipher.host/x/xnet/xhttp/xmiddleware/header.go:57.71,59.22 2 1
go.cipher.host/x/xnet/xhttp/xmiddleware/header.go:59.22,63.4 2 1
go.cipher.host/x/xnet/xhttp/xmiddleware/header.go:65.3,71.23 4 1
go.cipher.host/x/xnet/xhttp/xmiddleware/panic.go:17.73,18.71 1 1
go.cipher.host/x/xnet/xhttp/xmiddleware/panic.go:18.71,21.35 2 1
go.cipher.host/x/xnet/xhttp/xmiddleware/panic.go:21.35,22.36 1 1
go.cipher.host/x/xnet/xhttp/xmiddleware/panic.go:22.36,35.48 3 1
go.cipher.host/x/xnet/xhttp/xmiddleware/panic.go:35.48,42.6 1 1
go.cipher.host/x/xnet/xhttp/xmiddleware/panic.go:46.3,46.23 1 1
go.cipher.host/x/xnet/xhttp/xmiddleware/xmiddleware.go:11.95,12.41 1 1
go.cipher.host/x/xnet/xhttp/xmiddleware/xmiddleware.go:12.41,14.3 1 1
go.cipher.host/x/xnet/xhttp/xmiddleware/xmiddleware.go:16.2,16.16 1 1
go.cipher.host/x/xunsafe/conversion.go:15.41,16.21 1 1
go.cipher.host/x/xunsafe/conversion.go:16.21,18.3 1 1
go.cipher.host/x/xunsafe/conversion.go:20.2,20.59 1 1
go.cipher.host/x/xunsafe/conversion.go:27.39,28.15 1 1
go.cipher.host/x/xunsafe/conversion.go:28.15,30.3 1 1
go.cipher.host/x/xunsafe/conversion.go:32.2,32.55 1 1
go.cipher.host/x/xtesting/secrets.go:21.86,24.28 2 1
go.cipher.host/x/xtesting/secrets.go:24.28,25.90 1 1
go.cipher.host/x/xtesting/secrets.go:25.90,27.4 1 1
go.cipher.host/x/xtesting/secrets.go:30.2,30.12 1 1
go.cipher.host/x/xtesting/secrets.go:38.44,46.2 4 1
go.cipher.host/x/xos/env.go:17.42,19.27 2 1
go.cipher.host/x/xos/env.go:19.27,21.3 1 1
go.cipher.host/x/xos/env.go:23.2,23.14 1 1
go.cipher.host/x/xos/env.go:31.46,33.27 2 1
go.cipher.host/x/xos/env.go:33.27,35.3 1 1
go.cipher.host/x/xos/env.go:37.2,38.16 2 1
go.cipher.host/x/xos/env.go:38.16,40.3 1 1
go.cipher.host/x/xos/env.go:42.2,42.17 1 1
go.cipher.host/x/xos/env.go:50.49,52.27 2 1
go.cipher.host/x/xos/env.go:52.27,54.3 1 1
go.cipher.host/x/xos/env.go:56.2,57.16 2 1
go.cipher.host/x/xos/env.go:57.16,59.3 1 1
go.cipher.host/x/xos/env.go:61.2,61.18 1 1
go.cipher.host/x/xos/env.go:69.71,71.27 2 1
go.cipher.host/x/xos/env.go:71.27,73.3 1 1
go.cipher.host/x/xos/env.go:75.2,76.16 2 1
go.cipher.host/x/xos/env.go:76.16,78.3 1 1
go.cipher.host/x/xos/env.go:80.2,80.22 1 1
go.cipher.host/x/xtime/duration.go:29.50,31.46 2 1
go.cipher.host/x/xtime/duration.go:31.46,33.3 1 1
go.cipher.host/x/xtime/duration.go:35.2,36.16 2 1
go.cipher.host/x/xtime/duration.go:36.16,38.3 1 1
go.cipher.host/x/xtime/duration.go:40.2,42.12 2 1
go.cipher.host/x/xcrypto/xsubtle/compare.go:22.59,31.16 2 1
go.cipher.host/x/xcrypto/xsubtle/compare.go:31.16,33.3 1 1
go.cipher.host/x/xcrypto/xsubtle/compare.go:40.2,40.75 1 1
go.cipher.host/x/xcrypto/xargon2/xargon2.go:72.41,79.2 1 1
go.cipher.host/x/xcrypto/xargon2/xargon2.go:89.47,96.2 1 1
go.cipher.host/x/xcrypto/xargon2/xargon2.go:106.83,108.21 2 1
go.cipher.host/x/xcrypto/xargon2/xargon2.go:108.21,110.3 1 1
go.cipher.host/x/xcrypto/xargon2/xargon2.go:112.2,118.16 3 1
go.cipher.host/x/xcrypto/xargon2/xargon2.go:118.16,120.3 1 1
go.cipher.host/x/xcrypto/xargon2/xargon2.go:122.2,128.16 3 1
go.cipher.host/x/xcrypto/xargon2/xargon2.go:128.16,130.3 1 1
go.cipher.host/x/xcrypto/xargon2/xargon2.go:132.2,133.16 2 1
go.cipher.host/x/xcrypto/xargon2/xargon2.go:133.16,135.3 1 1
go.cipher.host/x/xcrypto/xargon2/xargon2.go:137.2,142.19 2 1
go.cipher.host/x/xcrypto/xargon2/xargon2.go:142.19,144.3 1 1
go.cipher.host/x/xcrypto/xargon2/xargon2.go:146.2,148.57 2 1
go.cipher.host/x/xcrypto/xargon2/xargon2.go:148.57,150.3 1 1
go.cipher.host/x/xcrypto/xargon2/xargon2.go:152.2,152.12 1 1
go.cipher.host/x/xcrypto/xargon2/xargon2.go:169.95,170.17 1 1
go.cipher.host/x/xcrypto/xargon2/xargon2.go:170.17,172.3 1 1
go.cipher.host/x/xcrypto/xargon2/xargon2.go:174.2,181.19 3 1
go.cipher.host/x/xcrypto/xargon2/xargon2.go:181.19,183.3 1 1
go.cipher.host/x/xcrypto/xargon2/xargon2.go:185.2,185.15 1 1
go.cipher.host/x/xcrypto/xargon2/xargon2.go:185.15,188.3 2 1
go.cipher.host/x/xcrypto/xargon2/xargon2.go:190.2,203.3 2 1
